A.I.
Batman and Robin
Batman Begins
Batman Forever
Batman Returns
Casablanca
Contact
Dark Knight, The
Donnie Darko
Executive Decision
Eyes Wide Shut
Full Metal Jacket
Fury
Goodfellas
Harry Potter and the Chamber of Secrets
Harry Potter and the Deathly Hallows Part 1
Harry Potter and the Goblet of Fire
Harry Potter and the Half-Blood Prince
Harry Potter and the Prisoner of Azkaban
Harry Potter and the Sorcerer's Stone
Innerspace
Lethal Weapon
Lethal Weapon 4
Matchstick Men
Outbreak
Troy
Unforgiven
Valentine's Day
